4 components
0 -> 0
1 -> 1
2 -> 0
3 -> 2
4 -> 2
5 -> 3
6 -> 2
7 -> 0
