output-version: 1.2
report:
 -
  package: main
  version: 1
  architecture: toaster
  status: broken
  
 
background-packages: 2
foreground-packages: 1
total-packages: 3
broken-packages: 1
