output-version: 1.2
report:
 -
  package: main
  version: 1
  architecture: toaster
  status: ok
  
 
background-packages: 1
foreground-packages: 1
total-packages: 2
broken-packages: 0
